// Jest Snapshot v1, https://goo.gl/fbAQLP

exports[`<NotFoundPage /> should render and match the snapshot 1`] = `
<h1
  class="H1-tncdg6-0 gNmgOQ"
>
  <span>
    Sorry, we can't seem to find that page!
  </span>
</h1>
`;
