// Jest Snapshot v1, https://goo.gl/fbAQLP

exports[`<StringsPage /> should render and match the snapshot 1`] = `
<div>
  <h1
    class="H1-tncdg6-0 gNmgOQ"
  >
    <span>
      Here are all the strings!
    </span>
  </h1>
  <div
    class="Wrapper-sc-1umgotm-0 kPmOOE"
  >
    <ul
      class="Ul-mwnq6h-0 cbNGBL"
    />
  </div>
</div>
`;
